[backblue.gif]
[fade.gif]
[index.html]
[godrej-verano.com/assets/godrej_verano_icons/icons_white/01_premium_bhk_residences.png]
[godrej-verano.com/assets/godrej_verano_icons/icons_white/02_resort_style_amenities.png]
[godrej-verano.com/assets/godrej_verano_icons/icons_white/03_open_green_spaces_85pct.png]
[godrej-verano.com/assets/godrej_verano_icons/icons_white/04_prime_location_golf_course.png]
[godrej-verano.com/assets/images/section2/card1.png]
[godrej-verano.com/assets/images/section2/card2.png]
[godrej-verano.com/assets/images/section2/card3.png]
[godrej-verano.com/assets/images/section2/card4.png]
[godrej-verano.com/assets/godrej_verano_icons/icons_white/05_acres_premium_development.png]
[godrej-verano.com/assets/godrej_verano_icons/icons_white/06_open_green_spaces_trees.png]
[godrej-verano.com/assets/godrej_verano_icons/icons_white/07_premium_34bhk_badge.png]
[godrej-verano.com/assets/godrej_verano_icons/icons_white/08_resort_style_clubhouse.png]
[godrej-verano.com/assets/godrej_verano_icons/icons_white/09_worldclass_amenities_35.png]
[godrej-verano.com/assets/godrej_verano_icons/icons_white/10_multitier_security.png]
[godrej-verano.com/assets/godrej_verano_icons/icons_white/11_excellent_connectivity.png]
[godrej-verano.com/assets/godrej_verano_icons/icons_white/12_sustainable_design.png]
[godrej-verano.com/assets/images/section3/desktop.png]
[godrej-verano.com/assets/images/floor_plan/3bhk.png]
[godrej-verano.com/assets/images/floor_plan/4bhk.png]
[godrej-verano.com/assets/images/footer/footer.png]
[godrej-verano.com/assets/images/hero/desk.png]
[godrej-verano.com/assets/godrej_verano_icons/icons_white/13_golf_course_extn_road_pin.png]
[godrej-verano.com/assets/godrej_verano_icons/icons_white/14_golf_course_clock.png]
[godrej-verano.com/assets/godrej_verano_icons/icons_white/19_cyber_hub.png]
[godrej-verano.com/assets/godrej_verano_icons/icons_white/15_rail_metro_station.png]
[godrej-verano.com/assets/godrej_verano_icons/icons_white/16_top_schools.png]
[godrej-verano.com/assets/godrej_verano_icons/icons_white/17_igi_airport.png]
[godrej-verano.com/assets/godrej_verano_icons/icons_white/18_leading_hospitals.png]
[godrej-verano.com/assets/godrej_verano_icons/icons_white/20_premium_retail_entertainment.png]
[godrej-verano.com/assets/godrej_verano_icons/icons_teal/05_acres_premium_development.png]
[godrej-verano.com/assets/godrej_verano_icons/icons_teal/11_excellent_connectivity.png]
[godrej-verano.com/assets/godrej_verano_icons/icons_teal/09_worldclass_amenities_35.png]
[godrej-verano.com/assets/godrej_verano_icons/icons_teal/13_golf_course_extn_road_pin.png]
[cdn.jsdelivr.net/npm/jquery@3.7.1/dist/jquery.min.js]
[cdn.jsdelivr.net/npm/slick-carousel@1.8.1/slick/slick.min.js]
[godrej-verano.com/js/script2b04.js]
[godrej-verano.com/index938a.html]
[cdn.jsdelivr.net/npm/slick-carousel@1.8.1/slick/slick.css]
[godrej-verano.com/assets/images/hero/mobile.png]
[godrej-verano.com/css/style2b04.css]
[www.googletagmanager.com/gtm5445.html]
